--- Testing PUBG ---
{
  "provider_id": "pubg",
  "game": "pubg",
  "type": "last-patch",
  "title": "PUBG Last Patch",
  "status": "fallback",
  "nextEventUtc": null,
  "failure_type": "parse_failed",
  "explanation": "No article URL extracted from listing.",
  "fetched_at_utc": "2026-02-02T18:00:51.129Z",
  "http_status": 200,
  "fetch_mode": "http"
}

--- Testing Minecraft ---
[Minecraft] Listing blocked (403). Using single browser session...
{
  "provider_id": "minecraft",
  "game": "minecraft",
  "type": "last-release",
  "title": "Minecraft Last Release",
  "status": "fallback",
  "nextEventUtc": null,
  "failure_type": "parse_failed",
  "explanation": "Could not extract valid article URL in browser session.",
  "fetched_at_utc": "2026-02-02T18:00:54.309Z",
  "http_status": 200,
  "fetch_mode": "browser"
}
